// Jest Snapshot v1, https://goo.gl/fbAQLP

exports[`renders correctly 1`] = `
<select
  onChange={[Function]}
  value={3}
>
  <option
    value={1}
  >
    1
  </option>
  <option
    value={2}
  >
    2
  </option>
  <option
    value={3}
  >
    3
  </option>
  <option
    value={4}
  >
    4
  </option>
  <option
    value={5}
  >
    5
  </option>
</select>
`;
