// Jest Snapshot v1, https://goo.gl/fbAQLP

exports[`renders correctly 1`] = `
<div
  className="Scores"
  onDoubleClick={[MockFunction]}
>
  123
</div>
`;
