// Jest Snapshot v1, https://goo.gl/fbAQLP

exports[`renders correctly 1`] = `
<div>
  <span>
    <input
      onChange={[Function]}
      type="checkbox"
      value={true}
    />
    debug
  </span>
</div>
`;
